// Jest Snapshot v1, https://goo.gl/fbAQLP

exports[`renders correctly 1`] = `[Function]`;

exports[`renders correctly 2`] = `[Function]`;

exports[`renders correctly 3`] = `[Function]`;
